../Core/Src/main.c:108:5:main	64	static
../Core/Src/main.c:528:6:SystemClock_Config	88	static
../Core/Src/main.c:583:13:MX_ADC1_Init	48	static
../Core/Src/main.c:640:13:MX_I2C2_Init	8	static
../Core/Src/main.c:660:13:MX_TIM1_Init	32	static
../Core/Src/main.c:694:13:MX_TIM2_Init	32	static
../Core/Src/main.c:727:13:MX_TIM4_Init	48	static
../Core/Src/main.c:786:13:MX_GPIO_Init	40	static
../Core/Src/main.c:868:6:HAL_ADCEx_InjectedConvCpltCallback	16	static
../Core/Src/main.c:903:6:HAL_GPIO_EXTI_Callback	32	static
../Core/Src/main.c:1105:6:_Error_Handler	16	static
